{
  "Metadata": [
    {
      "Id": {
        "Namespace": "praefectus.tests",
        "Id": "boolean"
      },
      "Type": {
        "Case": "Scalar",
        "Fields": [
          {
            "Case": "Boolean"
          }
        ]
      },
      "Description": ""
    },
    {
      "Id": {
        "Namespace": "praefectus.tests",
        "Id": "enum"
      },
      "Type": {
        "Case": "Scalar",
        "Fields": [
          {
            "Case": "Enum",
            "Fields": [
              [
                "A",
                "B",
                "C"
              ]
            ]
          }
        ]
      },
      "Description": ""
    },
    {
      "Id": {
        "Namespace": "praefectus.tests",
        "Id": "string"
      },
      "Type": {
        "Case": "Scalar",
        "Fields": [
          {
            "Case": "String"
          }
        ]
      },
      "Description": ""
    },
    {
      "Id": {
        "Namespace": "praefectus.tests",
        "Id": "integer"
      },
      "Type": {
        "Case": "Scalar",
        "Fields": [
          {
            "Case": "Integer"
          }
        ]
      },
      "Description": ""
    },
    {
      "Id": {
        "Namespace": "praefectus.tests",
        "Id": "double"
      },
      "Type": {
        "Case": "Scalar",
        "Fields": [
          {
            "Case": "Double"
          }
        ]
      },
      "Description": ""
    },
    {
      "Id": {
        "Namespace": "praefectus.tests",
        "Id": "timestamp"
      },
      "Type": {
        "Case": "Scalar",
        "Fields": [
          {
            "Case": "Timestamp"
          }
        ]
      },
      "Description": ""
    },
    {
      "Id": {
        "Namespace": "praefectus.tests",
        "Id": "taskReference"
      },
      "Type": {
        "Case": "Scalar",
        "Fields": [
          {
            "Case": "TaskReference"
          }
        ]
      },
      "Description": ""
    },
    {
      "Id": {
        "Namespace": "praefectus.tests",
        "Id": "taskReferenceList"
      },
      "Type": {
        "Case": "List",
        "Fields": [
          {
            "Case": "TaskReference"
          }
        ]
      },
      "Description": ""
    }
  ],
  "Tasks": [
    {
      "Id": "Task1",
      "Title": "Perform tests",
      "Created": "2020-08-01T20:55:58.4983974+07:00",
      "Updated": "2020-08-01T20:55:58.4983998+07:00",
      "Status": {
        "Case": "Open"
      },
      "AttributeValues": {
        "{ Namespace = \"praefectus\"\n  Id = \"depends-on\" }": {
          "Case": "Scalar",
          "Fields": [
            {
              "Case": "TaskReference",
              "Fields": [
                "Task1"
              ]
            }
          ]
        }
      }
    }
  ]
}